Símbolo         Valor Decimal   Valor Hexadecimal
-------         -------------   -----------------
_KERNEL                     0                   0
_VETTAB                   256                 100
_RESET                    512                 200
_APP                    32768                8000
_IOAREA16               65408                FF80
_IOAREA08               65472                FFC0
STACK                   65408                FF80
IVET                    65470                FFBE
TIMDT                   65495                FFD7
INTS                    65496                FFD8
INTE                    65497                FFD9
TECST                   65498                FFDA
TECDT                   65499                FFDB
VISOR                   65500                FFDC
CURSOR                    532                 214
LOOPLIMPARVISOR           545                 221
LIMPARVOLUMELOOP          557                 22D
ROTINAINT                 581                 245
TIMERINT                  593                 251
TECLADOINT                613                 265
FIMINT                    633                 279
TRATAMENTOITIMER          646                 286
FIMTRATAMENTOITIMER       646                 286
TRATAMENTOITECLADO        647                 287
FIMTRATAMENTOITECLADO      665                 299
KBHIT                     666                 29A
HATECLA                   682                 2AA
FIMKBHIT                  686                 2AE
GETCHAR                   687                 2AF
PUTCHAR                   706                 2C2
TESTARNOVAMENTE           740                 2E4
SOMARMAISUM               762                 2FA
VERIFICAR1                768                 300
VERIFICAR2                780                 30C
VERIFICAR3                790                 316
VERIFICAR4                800                 320
VERIFICAR5                810                 32A
FIMVOLUE                  816                 330
ASCII                     820                 334
NAOASCII                  838                 346
NAOBACKSPACE              864                 360
NAOMOVERCURSORINICIO      878                 36E
LOOPVISOR                 892                 37C
FIMPUTCHAR                906                 38A
PUTMSG                    907                 38B
COLOCANDOMSG              913                 391
FIMPUTMSG                 931                 3A3
TIMER                     932                 3A4
VOLUME                    933                 3A5
