Símbolo         Valor Decimal   Valor Hexadecimal
-------         -------------   -----------------
_KERNEL                     0                   0
_VETTAB                   256                 100
_RESET                    512                 200
_APP                    32768                8000
_IOAREA16               65408                FF80
_IOAREA08               65472                FFC0
STACK                   65408                FF80
IVET                    65470                FFBE
TIMDT                   65495                FFD7
INTS                    65496                FFD8
INTE                    65497                FFD9
TECST                   65498                FFDA
TECDT                   65499                FFDB
VISOR                   65500                FFDC
LOOPLIMPARVISOR           568                 238
LIMPARVOLUMELOOP          580                 244
ROTINAINT                 614                 266
TIMERINT                  626                 272
TECLADOINT                646                 286
FIMINT                    666                 29A
TRATAMENTOITIMER          679                 2A7
FIMTRATAMENTOITIMER       709                 2C5
TRATAMENTOITECLADO        710                 2C6
TESTARNOVAMENTEUM         724                 2D4
TESTARSEGUNDO             748                 2EC
SEGUIRFLUXO               756                 2F4
SOMARMAISUM               766                 2FE
VERIFICARDEZ              772                 304
TESTARNOVAMENTEDEZ        780                 30C
SOMARMAISDEZ              810                 32A
VERIFICARCEM              816                 330
NAOSOMARCEM               834                 342
FIMTRATAMENTOITECLADO      838                 346
DIMINUIR                  843                 34B
COMPARARULTIMO            875                 36B
DIMINUIRUM                901                 385
VERIFICARDEZ_             921                 399
DIMINUIRDEZ               955                 3BB
VERIFICARCEM_             961                 3C1
ZERARVOLUME               983                 3D7
COLOCARBUFFER            1011                 3F3
FIMTRATAMENTOITECLADO_     1023                 3FF
KBHIT                    1028                 404
NAOHATECLA               1042                 412
FIMKBHIT                 1046                 416
GETCHAR                  1047                 417
PUTCHAR                  1070                 42E
FIMPUTCHAR_              1118                 45E
ASCII                    1119                 45F
NAOASCII                 1137                 471
BACKSPACE                1159                 487
MOVERCURSORINICIO        1173                 495
LIMPARCARACTERES         1183                 49F
LOOPVISOR                1187                 4A3
FIMPUTCHAR               1205                 4B5
PUTMSG                   1206                 4B6
COLOCANDOMSG             1216                 4C0
FIMPUTMSG                1238                 4D6
TIMER                    1245                 4DD
VOLUME                   1254                 4E6
SEGUNDODIGITO            1280                 500
SOMAR2D                  1300                 514
TERCEIRODIGITO           1308                 51C
SOMAR3D                  1328                 530
FINALVOLUME              1336                 538
ENDERECOT                1341                 53D
CONTADOR                 1343                 53F
TEMPORIZADOR             1345                 541
CURSOR                   1347                 543
CARACTER                 1349                 545
ESTADOTECLADO            1351                 547
