Símbolo         Valor Decimal   Valor Hexadecimal
-------         -------------   -----------------
_KERNEL                     0                   0
_VETTAB                   256                 100
_RESET                    512                 200
_APP                    32768                8000
_IOAREA16               65408                FF80
_IOAREA08               65472                FFC0
STACK                   65408                FF80
IVET                    65470                FFBE
TIMDT                   65495                FFD7
INTS                    65496                FFD8
INTE                    65497                FFD9
TECST                   65498                FFDA
TECDT                   65499                FFDB
VISOR                   65500                FFDC
ENDERECOT                 522                 20A
CONTADOR                  524                 20C
TEMPORIZADOR              525                 20D
AUXILIARVOLUME            541                 21D
CURSOR                    542                 21E
LOOPLIMPARVISOR           557                 22D
LIMPARVOLUMELOOP          569                 239
ROTINAINT                 593                 251
TIMERINT                  605                 25D
TECLADOINT                635                 27B
FIMINT                    655                 28F
TRATAMENTOITIMER          668                 29C
FIMTRATAMENTOITIMER       698                 2BA
TRATAMENTOITECLADO        699                 2BB
FIMTRATAMENTOITECLADO      717                 2CD
KBHIT                     718                 2CE
HATECLA                   734                 2DE
FIMKBHIT                  736                 2E0
GETCHAR                   737                 2E1
GETCHARLOOP               743                 2E7
PUTCHAR                   768                 300
ASCII                     804                 324
NAOASCII                  822                 336
NAOBACKSPACE              848                 350
NAOMOVERCURSORINICIO      862                 35E
LOOPVISOR                 876                 36C
FIMPUTCHAR                890                 37A
TESTEVOLUME               891                 37B
TESTARNOVAMENTEUM         905                 389
SOMARMAISUM               927                 39F
VERIFICARDEZ              933                 3A5
TESTARNOVAMENTEDEZ        945                 3B1
SOMARMAISDEZ              967                 3C7
VERIFICARCEM              973                 3CD
NAOSOMARCEM               995                 3E3
FIMVOLUME                 999                 3E7
DIMINUIR                 1000                 3E8
COMPARARULTIMO           1036                 40C
DIMINUIRUM               1062                 426
VERIFICARDEZ_            1082                 43A
DIMINUIRDEZ              1120                 460
VERIFICARCEM_            1126                 466
ZERARVOLUME              1152                 480
FIMVOLUME_               1176                 498
PUTMSG                   1177                 499
COLOCANDOMSG             1187                 4A3
FIMPUTMSG                1209                 4B9
TIMER                    1216                 4C0
VOLUME                   1225                 4C9
SEGUNDODIGITO            1251                 4E3
SOMAR2D                  1271                 4F7
TERCEIRODIGITO           1279                 4FF
SOMAR3D                  1299                 513
FINALVOLUME              1307                 51B
